PASS  01-valid-tool-request
PASS  02-malformed-arguments
PASS  03-nonexistent-tool
PASS  04-unknown-capability
PASS  05-policy-denial
PASS  06-explicit-approval
PASS  07-successful-execution
PASS  08-execution-error
PASS  09-timeout
PASS  10-multiple-sequential-calls
PASS  11-model-continuation
PASS  12-unsupported-dialect
PASS  13-unsupported-version
PASS  14-unknown-fields
PASS  15-oversized-arguments
PASS  16-duplicate-request-ids
PASS  17-replay
PASS  18-model-retry-after-denial
PASS  19-valid-write-request
PASS  20-missing-required-argument
PASS  21-stale-capability-mapping
PASS  22-untrusted-tool-result
PASS  23-untrusted-memory-result
PASS  24-expansion-requested-excluded
PASS  25-expansion-refused-by-bound
PASS  26-unrecognized-content-kind
PASS  27-absent-null-unrecognized-trust
PASS  28-input-ledger-continues
PASS  29-input-derived-from
PASS  30-input-forged-exposure
PASS  31-source-class-workspace
PASS  32-source-class-web
PASS  33-source-class-memory
PASS  34-source-class-document
PASS  35-source-class-skill
PASS  36-source-class-tool-output
PASS  37-source-class-external-provider
PASS  38-source-class-runtime-generated
PASS  39-source-class-user-request
PASS  40-source-class-model-generated
PASS  approval-A01-authorized-continuation
PASS  approval-A02-unminted-approval-id
PASS  approval-A03-approval-id-of-another-request
PASS  approval-A04-changed-arguments
PASS  approval-A05-expired
PASS  approval-A06-second-continuation
PASS  approval-A07-single-action-reused
PASS  approval-A08-catalog-changed
PASS  approval-A09-cancelled
PASS  approval-A10-model-asserted-approval
PASS  approval-A11-retry-new-request-id
PASS  approval-A12-after-restart
PASS  approval-A13-original-envelope-replayed
PASS  approval-A14-unknown-decision-value
PASS  approval-A15-explicit-denied-decision
PASS  approval-A16-decision-cites-other-request
PASS  approval-A17-provider-fails-after-approval
PASS  injection-01-workspace-write
PASS  injection-02-tool-output-markup
PASS  injection-03-forged-approval-in-arguments
PASS  injection-04-workspace-xml-write
PASS  injection-05-workspace-json-delete
PASS  injection-06-tool-output-json-email
PASS  injection-07-tool-output-plain-write
PASS  injection-08-tool-output-nested-result
PASS  injection-09-tool-output-error-message
PASS  injection-10-memory-xml-write
PASS  injection-11-memory-json-email
PASS  injection-12-memory-plain-delete
PASS  injection-13-web-xml-delete
PASS  injection-14-web-json-email
PASS  injection-15-web-plain-write
PASS  injection-16-document-xml-write
PASS  injection-17-document-json-email
PASS  injection-18-document-plain-delete
PASS  injection-19-document-embedded-markup
PASS  injection-20-impersonate-system-prompt
PASS  injection-21-impersonate-runtime
PASS  injection-22-impersonate-user
PASS  injection-23-forged-approval-in-extensions
PASS  injection-24-forged-provenance-in-arguments
PASS  injection-25-forged-exposure-in-envelope
PASS  injection-26-fake-runtime-approval
PASS  injection-27-fake-tool-result
PASS  injection-28-fake-policy-change
PASS  injection-29-retry-new-request-id
PASS  injection-30-retry-fabricated-approval
PASS  injection-31-retry-after-requires-approval
PASS  injection-32-read-result-steers-to-write
PASS  injection-33-tool-description-steers-to-email
PASS  injection-34-low-privilege-chain-to-write
PASS  injection-35-decision-cites-other-request
PASS  injection-36-result-cites-other-request
PASS  injection-37-stale-catalog-digest
PASS  injection-38-duplicate-advertised-name
PASS  injection-39-decide-raises
PASS  injection-40-execute-raises
PASS  injection-41-denied-call-interleaved
PASS  injection-42-rejected-call-interleaved
PASS  injection-43-web-effect-held-for-approval
PASS  injection-44-memory-effect-held-for-approval
PASS  lifecycle/01-forged-approval-id
PASS  lifecycle/02-empty-approval-id
PASS  lifecycle/03-approval-id-from-other-request
PASS  lifecycle/04-runtime-minted-approval-id
PASS  lifecycle/05-continuation-non-authorized-value
PASS  digest/exposure-01
PASS  digest/input-record-01
PASS  digest/jcs-01
106/106 passed
PASS  01-valid-tool-request
PASS  02-malformed-arguments
PASS  03-nonexistent-tool
PASS  04-unknown-capability
PASS  05-policy-denial
PASS  06-explicit-approval
PASS  07-successful-execution
PASS  08-execution-error
PASS  09-timeout
PASS  10-multiple-sequential-calls
PASS  11-model-continuation
PASS  12-unsupported-dialect
PASS  13-unsupported-version
PASS  14-unknown-fields
PASS  15-oversized-arguments
PASS  16-duplicate-request-ids
PASS  17-replay
PASS  18-model-retry-after-denial
PASS  19-valid-write-request
PASS  20-missing-required-argument
PASS  21-stale-capability-mapping
PASS  22-untrusted-tool-result
PASS  23-untrusted-memory-result
PASS  24-expansion-requested-excluded
PASS  25-expansion-refused-by-bound
PASS  26-unrecognized-content-kind
PASS  27-absent-null-unrecognized-trust
PASS  28-input-ledger-continues
PASS  29-input-derived-from
PASS  30-input-forged-exposure
PASS  31-source-class-workspace
PASS  32-source-class-web
PASS  33-source-class-memory
PASS  34-source-class-document
PASS  35-source-class-skill
PASS  36-source-class-tool-output
PASS  37-source-class-external-provider
PASS  38-source-class-runtime-generated
PASS  39-source-class-user-request
PASS  40-source-class-model-generated
PASS  approval-A01-authorized-continuation
PASS  approval-A02-unminted-approval-id
PASS  approval-A03-approval-id-of-another-request
PASS  approval-A04-changed-arguments
PASS  approval-A05-expired
PASS  approval-A06-second-continuation
PASS  approval-A07-single-action-reused
PASS  approval-A08-catalog-changed
PASS  approval-A09-cancelled
PASS  approval-A10-model-asserted-approval
PASS  approval-A11-retry-new-request-id
PASS  approval-A12-after-restart
PASS  approval-A13-original-envelope-replayed
PASS  approval-A14-unknown-decision-value
PASS  approval-A15-explicit-denied-decision
PASS  approval-A16-decision-cites-other-request
PASS  approval-A17-provider-fails-after-approval
PASS  injection-01-workspace-write
PASS  injection-02-tool-output-markup
PASS  injection-03-forged-approval-in-arguments
PASS  injection-04-workspace-xml-write
PASS  injection-05-workspace-json-delete
PASS  injection-06-tool-output-json-email
PASS  injection-07-tool-output-plain-write
PASS  injection-08-tool-output-nested-result
PASS  injection-09-tool-output-error-message
PASS  injection-10-memory-xml-write
PASS  injection-11-memory-json-email
PASS  injection-12-memory-plain-delete
PASS  injection-13-web-xml-delete
PASS  injection-14-web-json-email
PASS  injection-15-web-plain-write
PASS  injection-16-document-xml-write
PASS  injection-17-document-json-email
PASS  injection-18-document-plain-delete
PASS  injection-19-document-embedded-markup
PASS  injection-20-impersonate-system-prompt
PASS  injection-21-impersonate-runtime
PASS  injection-22-impersonate-user
PASS  injection-23-forged-approval-in-extensions
PASS  injection-24-forged-provenance-in-arguments
PASS  injection-25-forged-exposure-in-envelope
PASS  injection-26-fake-runtime-approval
PASS  injection-27-fake-tool-result
PASS  injection-28-fake-policy-change
PASS  injection-29-retry-new-request-id
PASS  injection-30-retry-fabricated-approval
PASS  injection-31-retry-after-requires-approval
PASS  injection-32-read-result-steers-to-write
PASS  injection-33-tool-description-steers-to-email
PASS  injection-34-low-privilege-chain-to-write
PASS  injection-35-decision-cites-other-request
PASS  injection-36-result-cites-other-request
PASS  injection-37-stale-catalog-digest
PASS  injection-38-duplicate-advertised-name
PASS  injection-39-decide-raises
PASS  injection-40-execute-raises
PASS  injection-41-denied-call-interleaved
PASS  injection-42-rejected-call-interleaved
PASS  injection-43-web-effect-held-for-approval
PASS  injection-44-memory-effect-held-for-approval
PASS  lifecycle/01-forged-approval-id
PASS  lifecycle/02-empty-approval-id
PASS  lifecycle/03-approval-id-from-other-request
PASS  lifecycle/04-runtime-minted-approval-id
PASS  lifecycle/05-continuation-non-authorized-value
PASS  digest/exposure-01
PASS  digest/input-record-01
PASS  digest/jcs-01
106/106 passed
