   Compiling proc-macro2 v1.0.107
   Compiling unicode-ident v1.0.26
   Compiling quote v1.0.47
   Compiling libc v0.2.190
    Checking cfg-if v1.0.5
    Checking memchr v2.8.3
    Checking itoa v1.0.18
   Compiling serde_core v1.0.229
   Compiling version_check v0.9.5
   Compiling serde v1.0.229
   Compiling zmij v1.0.23
   Compiling serde_json v1.0.151
    Checking regex-syntax v0.8.11
    Checking typenum v1.20.1
    Checking stable_deref_trait v1.2.1
   Compiling thiserror v2.0.21
    Checking once_cell v1.21.4
    Checking smallvec v1.16.2
   Compiling autocfg v1.5.1
    Checking litemap v0.8.3
    Checking writeable v0.6.4
   Compiling icu_normalizer_data v2.3.0
    Checking utf8_iter v1.0.4
   Compiling getrandom v0.3.4
   Compiling icu_properties_data v2.3.0
    Checking percent-encoding v2.3.2
    Checking futures-core v0.3.34
    Checking pin-project-lite v0.2.17
   Compiling zerocopy v0.8.59
    Checking aho-corasick v1.1.5
    Checking bitflags v2.13.2
   Compiling generic-array v0.14.7
    Checking bytes v1.12.1
    Checking futures-sink v0.3.34
    Checking bit-vec v0.8.0
    Checking log v0.4.34
    Checking form_urlencoded v1.2.2
    Checking futures-task v0.3.34
    Checking slab v0.4.12
   Compiling httparse v1.10.1
    Checking futures-io v0.3.34
    Checking base64 v0.22.1
   Compiling num-traits v0.2.19
    Checking bit-set v0.8.0
    Checking try-lock v0.2.5
    Checking tower-service v0.3.3
   Compiling ref-cast v1.0.27
   Compiling parking_lot_core v0.9.12
    Checking futures-channel v0.3.34
    Checking sync_wrapper v1.0.2
    Checking want v0.3.1
    Checking futures-util v0.3.34
   Compiling ahash v0.8.12
    Checking tracing-core v0.1.36
   Compiling shlex v2.0.1
    Checking tower-layer v0.3.3
    Checking http v1.5.0
    Checking atomic-waker v1.1.2
    Checking scopeguard v1.2.0
   Compiling find-msvc-tools v0.1.14
    Checking ryu v1.0.23
    Checking lock_api v0.4.14
    Checking ipnet v2.12.2
    Checking base64 v0.23.1
    Checking borrow-or-share v0.2.4
    Checking tracing v0.1.44
   Compiling cc v1.6.0
    Checking vsimd v0.8.0
    Checking uuid v1.27.0
    Checking zeroize v1.9.0
   Compiling syn v3.0.6
    Checking lazy_static v1.5.1
    Checking outref v0.5.2
    Checking bytecount v0.6.9
    Checking rustls-pki-types v1.15.1
    Checking num-cmp v0.1.0
    Checking http-body v1.1.0
   Compiling crc32fast v1.5.2
    Checking untrusted v0.9.0
   Compiling getrandom v0.4.3
   Compiling rustix v1.1.5
    Checking http-body-util v0.1.5
    Checking block-buffer v0.10.4
    Checking crypto-common v0.1.7
    Checking regex-automata v0.4.18
    Checking adler2 v2.0.1
   Compiling rustls v0.23.45
    Checking simd-adler32 v0.3.10
    Checking digest v0.10.7
    Checking linux-raw-sys v0.12.1
    Checking subtle v2.6.1
    Checking fastrand v2.5.0
    Checking webpki-roots v1.0.9
    Checking num-integer v0.1.47
    Checking num-complex v0.4.6
    Checking miniz_oxide v0.9.1
    Checking fnv v1.0.7
    Checking uuid-simd v0.8.0
    Checking quick-error v1.2.3
    Checking unarray v0.1.4
    Checking cpufeatures v0.2.17
    Checking socket2 v0.6.5
    Checking mio v1.2.4
    Checking getrandom v0.2.17
    Checking sha2 v0.10.9
    Checking webpki-roots v0.26.11
    Checking wait-timeout v0.2.1
    Checking rand_core v0.9.5
    Checking num-bigint v0.4.8
    Checking num-iter v0.1.46
    Checking parking_lot v0.12.5
    Checking tokio v1.53.2
    Checking rand v0.9.5
    Checking rand_xorshift v0.4.0
   Compiling ring v0.17.14
    Checking flate2 v1.1.10
    Checking num-rational v0.4.2
    Checking num v0.4.3
    Checking tempfile v3.27.0
    Checking fraction v0.15.3
   Compiling synstructure v0.14.0
    Checking rusty-fork v0.3.1
    Checking regex v1.13.1
    Checking fancy-regex v0.14.0
   Compiling serde_derive v1.0.229
   Compiling zerovec-derive v0.11.6
   Compiling thiserror-impl v2.0.21
   Compiling displaydoc v0.2.7
   Compiling ref-cast-impl v1.0.27
   Compiling zerofrom-derive v0.1.8
   Compiling yoke-derive v0.8.4
    Checking ppv-lite86 v0.2.21
    Checking tower v0.5.3
    Checking hyper v1.11.1
    Checking rand_chacha v0.9.0
    Checking proptest v1.10.0
    Checking zerofrom v0.1.8
    Checking yoke v0.8.3
    Checking hyper-util v0.1.21
    Checking zerovec v0.11.8
    Checking zerotrie v0.2.5
    Checking tinystr v0.8.4
    Checking potential_utf v0.1.6
    Checking icu_collections v2.3.0
    Checking icu_locale_core v2.3.0
    Checking rustls-webpki v0.103.15
    Checking icu_provider v2.3.1
    Checking icu_normalizer v2.3.0
    Checking icu_properties v2.3.0
    Checking interplane-core v0.3.0 (/home/drakestapleton/workspace/cand2-campaign/wt-ip-offline/rust/crates/interplane-core)
    Checking serde_urlencoded v0.7.1
    Checking fluent-uri v0.3.2
    Checking email_address v0.2.9
    Checking referencing v0.30.0
    Checking idna_adapter v1.2.2
    Checking idna v1.1.0
    Checking url v2.5.8
    Checking interplane-lenshift v0.3.0 (/home/drakestapleton/workspace/cand2-campaign/wt-ip-offline/rust/crates/interplane-lenshift)
    Checking interplane-crossaxis v0.3.0 (/home/drakestapleton/workspace/cand2-campaign/wt-ip-offline/rust/crates/interplane-crossaxis)
    Checking tower-http v0.6.11
    Checking interplane-crossveil v0.3.0 (/home/drakestapleton/workspace/cand2-campaign/wt-ip-offline/rust/crates/interplane-crossveil)
    Checking reqwest v0.12.28
    Checking interplane-conformance v0.3.0 (/home/drakestapleton/workspace/cand2-campaign/wt-ip-offline/rust/crates/interplane-conformance)
    Checking ureq v2.12.1
    Checking jsonschema v0.30.0
    Checking interplane-probe v0.3.0 (/home/drakestapleton/workspace/cand2-campaign/wt-ip-offline/rust/crates/interplane-probe)
    Finished `dev` profile [unoptimized + debuginfo] target(s) in 4.15s
