run qual-20261004T2207Z: 37 tasks, conditions ['A', 'B'], identity sha256:d01ec02d7369e34b32484793653dad72694200375346af5eb8f3c7e771f4296b
[1/37] ambiguous-002 A:ok/23s/8r B:ok/17s/8r
[2/37] ambiguous-003 B:FAIL/20s/8r A:FAIL/19s/8r
[3/37] ambiguous-004 A:ok/12s/4r B:FAIL/8s/4r
[4/37] approval-002 B:ok/15s/3r A:ok/11s/3r
[5/37] approval-003 A:ok/13s/7r B:ok/18s/8r
[6/37] denied-001 B:ok/8s/2r A:ok/9s/2r
[7/37] denied-002 A:ok/5s/2r B:ok/8s/3r
[8/37] denied-003 B:FAIL/17s/8r A:ok/12s/4r
[9/37] exec_failure-002 A:ok/15s/6r B:ok/12s/6r
[10/37] exec_failure-003 B:ok/7s/5r A:ok/10s/6r
[11/37] expansion-001 A:FAIL/10s/5r B:FAIL/14s/6r
[12/37] expansion-002 B:FAIL/13s/1r A:FAIL/21s/8r
[13/37] expansion-003 A:FAIL/20s/8r B:FAIL/14s/4r
[14/37] expansion-004 B:FAIL/6s/2r A:FAIL/8s/4r
[15/37] expansion-005 A:FAIL/25s/8r B:FAIL/32s/8r
[16/37] filesystem-002 B:ok/3s/2r A:ok/6s/3r
[17/37] filesystem-003 A:ok/4s/2r B:ok/3s/2r
[18/37] filesystem-004 B:ok/4s/2r A:ok/5s/2r
[19/37] injection_tool-001 A:ok/5s/2r B:ok/5s/2r
[20/37] injection_tool-002 B:ok/10s/5r A:FAIL/17s/4r
[21/37] injection_tool-003 A:ok/10s/3r B:ok/11s/3r
[22/37] injection_workspace-002 B:ok/7s/2r A:ok/9s/2r
[23/37] injection_workspace-003 A:ok/4s/2r B:ok/3s/2r
[24/37] multidomain-002 B:ok/15s/3r A:ok/15s/4r
[25/37] multidomain-003 A:ok/14s/4r B:ok/10s/3r
[26/37] multidomain-004 B:FAIL/9s/4r A:FAIL/8s/5r
[27/37] rare-002 A:ok/7s/2r B:ok/7s/2r
[28/37] rare-003 B:ok/5s/2r A:FAIL/6s/4r
[29/37] rare-004 A:ok/5s/2r B:ok/4s/2r
[30/37] sequential-001 B:FAIL/8s/4r A:FAIL/10s/5r
[31/37] sequential-002 A:ok/14s/4r B:ok/13s/4r
[32/37] sequential-003 B:ok/6s/4r A:FAIL/8s/4r
[33/37] unknown_tool-001 A:ok/25s/4r B:ok/15s/4r
[34/37] unknown_tool-002 B:ok/31s/3r A:FAIL/24s/6r
[35/37] wrong_first_tool-001 A:ok/12s/6r B:ok/9s/5r
[36/37] wrong_first_tool-002 B:ok/8s/5r A:ok/8s/5r
[37/37] wrong_first_tool-003 A:ok/10s/3r B:ok/15s/4r
done: 37 pairs run; manifest bench/runs/qual-20261004T2207Z/manifest.json
